/* cache key:
wiki_to:resourceloader:filter:minify-css:8:123456f1314f614da3bb9319cc38a9a7
*/</style>
